Microchip MPLAB XC8 Compiler V1.44 ()

Linker command line:

-W-3 --edf=C:\Program Files (x86)\Microchip\xc8\v1.44\dat\en_msgs.txt -cs \
  -h+dist/default/debug\foursmall.X.debug.sym \
  --cmf=dist/default/debug\foursmall.X.debug.cmf -z -Q18F4520 \
  -oC:\Users\knu\AppData\Local\Temp\s688.2 \
  -Mdist/default/debug/foursmall.X.debug.map -E1 -ver=XC8 \
  -ASTACK=080h-05eeh -pstack=STACK -ACODE=00h-07CFFh -ACONST=00h-07CFFh \
  -ASMALLCONST=0600h-06FFhx119 -AMEDIUMCONST=0600h-07CFFh -ACOMRAM=01h-07Fh \
  -AABS1=00h-05EEh -ABIGRAM=01h-05EEh \
  -ARAM=080h-0FFh,0100h-01FFhx4,0500h-05EEh -ABANK0=080h-0FFh \
  -ABANK1=0100h-01FFh -ABANK2=0200h-02FFh -ABANK3=0300h-03FFh \
  -ABANK4=0400h-04FFh -ABANK5=0500h-05EEh \
  -ASFR=0F80h-0F9Bh,0F9Dh-0FD3h,0FD5h-0FDAh,0FE0h-0FE2h,0FE8h-0FEAh,0FF0h-0FFBh \
  -preset_vec=00h,intcode,intcodelo,powerup,init -pramtop=0600h \
  -psmallconst=SMALLCONST -pmediumconst=MEDIUMCONST -pconst=CONST \
  -AFARRAM=00h-00h -ACONFIG=0300000h-030000Dh -pconfig=CONFIG \
  -AIDLOC=0200000h-0200007h -pidloc=IDLOC -AEEDATA=0F00000h-0F000FFh \
  -peeprom_data=EEDATA \
  -prdata=COMRAM,nvrram=COMRAM,nvbit=COMRAM,rbss=COMRAM,rbit=COMRAM \
  -pfarbss=FARRAM,fardata=FARRAM,nvFARRAM=FARRAM \
  -pintsave_regs=BIGRAM,bigbss=BIGRAM,bigdata=BIGRAM -pbss=RAM \
  -pidata=CODE,irdata=CODE,ibigdata=CODE,ifardata=CODE -prparam=COMRAM \
  C:\Users\knu\AppData\Local\Temp\s688.obj \
  dist/default/debug\foursmall.X.debug.obj 

Object code version is 3.11

Machine type is 18F4520

Call graph: (short form)




                Name                               Link     Load   Length Selector   Space Scale
C:\Users\knu\AppData\Local\Temp\s688.obj
                init                                  2        2        4        0       0
                reset_vec                             0        0        2        0       0
                idloc                            200000   200000        8   200000       0
                config                           300000   300000        E   300000       0
dist/default/debug\foursmall.X.debug.obj
                text5                              7878     7878       26     3C3C       0
                text4                              794E     794E       6E     3CA7       0
                text3                              789E     789E       56     3C4F       0
                text2                              78F4     78F4       5A     3C7A       0
                text1                              79BC     79BC      17C     3CDE       0
                text0                              7B38     7B38      1C8     3D9C       0
                cstackCOMRAM                          1        1       2B        1       1
                bssCOMRAM                            3B       3B        D        1       1
                cinit                              7866     7866       12     3C33       0
                nvCOMRAM                             2C       2C        F        1       1

TOTAL           Name                               Link     Load   Length     Space
        CLASS   STACK          

        CLASS   CODE           
                init                                  2        2        4         0
                reset_vec                             0        0        2         0
                text5                              7878     7878       26         0
                text4                              794E     794E       6E         0
                text3                              789E     789E       56         0
                text2                              78F4     78F4       5A         0
                text1                              79BC     79BC      17C         0
                text0                              7B38     7B38      1C8         0
                cinit                              7866     7866       12         0

        CLASS   CONST          

        CLASS   SMALLCONST     

        CLASS   MEDIUMCONST    

        CLASS   COMRAM         
                cstackCOMRAM                          1        1       2B         1
                bssCOMRAM                            3B       3B        D         1
                nvCOMRAM                             2C       2C        F         1

        CLASS   ABS1           

        CLASS   BIGRAM         

        CLASS   RAM            

        CLASS   BANK0          

        CLASS   BANK1          

        CLASS   BANK2          

        CLASS   BANK3          

        CLASS   BANK4          

        CLASS   BANK5          

        CLASS   SFR            

        CLASS   FARRAM         

        CLASS   CONFIG         
                config                           300000   300000        E         0

        CLASS   IDLOC          
                idloc                            200000   200000        8         0

        CLASS   EEDATA         



SEGMENTS        Name                           Load    Length   Top    Selector   Space  Class

                reset_vec                      000000  000006  000006         0       0  CODE    
                cstackCOMRAM                   000001  000047  000048         1       1  COMRAM  
                cinit                          007866  000012  007878      3C33       0  CODE    
                text5                          007878  000026  00789E      3C3C       0  CODE    
                text3                          00789E  000056  0078F4      3C4F       0  CODE    
                text2                          0078F4  00005A  00794E      3C7A       0  CODE    
                text4                          00794E  00006E  0079BC      3CA7       0  CODE    
                text1                          0079BC  00017C  007B38      3CDE       0  CODE    
                text0                          007B38  0001C8  007D00      3D9C       0  CODE    
                idloc                          200000  000008  200008    200000       0  IDLOC   
                config                         300000  00000E  30000E    300000       0  CONFIG  


UNUSED ADDRESS RANGES

        Name                Unused          Largest block    Delta
        BANK0            000080-0000FF               80
        BANK1            000100-0001FF              100
        BANK2            000200-0002FF              100
        BANK3            000300-0003FF              100
        BANK4            000400-0004FF              100
        BANK5            000500-0005EE               EF
        BIGRAM           000048-0005EE              5A7
        CODE             000006-007865             7860
        COMRAM           000048-00007F               38
        CONST            000006-007865             7860
        EEDATA           F00000-F000FF              100
        MEDIUMCONST      000600-007865             7266
        RAM              000080-0005EE              100
        SFR              000F80-000F9B               1C
                         000F9D-000FD3               37
                         000FD5-000FDA                6
                         000FE0-000FE2                3
                         000FE8-000FEA                3
                         000FF0-000FFB                C
        SMALLCONST       000600-007865              100
        STACK            000080-0005EE              56F

                                  Symbol Table

?___lmul                 cstackCOMRAM 000001
?___wmul                 cstackCOMRAM 000001
?_bitflip                cstackCOMRAM 000001
_GIE                     (abs)        007F97
_OSCCONbits              (abs)        000FD3
_OSCTUNEbits             (abs)        000F9B
_PORTDbits               (abs)        000F83
_TRISDbits               (abs)        000F95
__CFG_BOREN$ON           (abs)        000000
__CFG_CPD$OFF            (abs)        000000
__CFG_LVP$OFF            (abs)        000000
__CFG_OSC$INTIO67        (abs)        000000
__CFG_PWRT$OFF           (abs)        000000
__CFG_WDT$OFF            (abs)        000000
__HRAM                   (abs)        000000
__Habs1                  abs1         000000
__Hbank0                 bank0        000000
__Hbank1                 bank1        000000
__Hbank2                 bank2        000000
__Hbank3                 bank3        000000
__Hbank4                 bank4        000000
__Hbank5                 bank5        000000
__Hbigbss                bigbss       000000
__Hbigdata               bigdata      000000
__Hbigram                bigram       000000
__Hbss                   bss          000000
__HbssCOMRAM             bssCOMRAM    000000
__Hcinit                 cinit        000000
__Hclrtext               clrtext      000000
__Hcomram                comram       000000
__Hconfig                config       30000E
__Hconst                 const        000000
__HcstackCOMRAM          cstackCOMRAM 000000
__Hdata                  data         000000
__Heeprom_data           eeprom_data  000000
__Hfarbss                farbss       000000
__Hfardata               fardata      000000
__Hibigdata              ibigdata     000000
__Hidata                 idata        000000
__Hidloc                 idloc        200008
__Hifardata              ifardata     000000
__Hinit                  init         000006
__Hintcode               intcode      000002
__Hintcode_body          intcode_body 000000
__Hintcodelo             intcodelo    000002
__Hintentry              intentry     000000
__Hintret                intret       000000
__Hintsave_regs          intsave_regs 000000
__Hirdata                irdata       000000
__Hmediumconst           mediumconst  000000
__HnvCOMRAM              nvCOMRAM     000000
__HnvFARRAM              nvFARRAM     000000
__Hnvbit                 nvbit        000000
__Hnvrram                nvrram       000000
__Hparam                 rparam       000000
__Hpowerup               powerup      000002
__Hram                   ram          000000
__Hramtop                ramtop       000600
__Hrbit                  rbit         000000
__Hrbss                  rbss         000000
__Hrdata                 rdata        000000
__Hreset_vec             reset_vec    000002
__Hrparam                rparam       000000
__Hsfr                   sfr          000000
__Hsmallconst            smallconst   000000
__Hspace_0               (abs)        30000E
__Hspace_1               (abs)        000048
__Hspace_2               (abs)        000000
__Hstack                 stack        000000
__Hstruct                struct       000000
__Htemp                  temp         000000
__Htext                  text         000000
__Htext0                 text0        000000
__Htext1                 text1        000000
__Htext2                 text2        000000
__Htext3                 text3        000000
__Htext4                 text4        000000
__Htext5                 text5        000000
__LRAM                   (abs)        000001
__Labs1                  abs1         000000
__Lbank0                 bank0        000000
__Lbank1                 bank1        000000
__Lbank2                 bank2        000000
__Lbank3                 bank3        000000
__Lbank4                 bank4        000000
__Lbank5                 bank5        000000
__Lbigbss                bigbss       000000
__Lbigdata               bigdata      000000
__Lbigram                bigram       000000
__Lbss                   bss          000000
__LbssCOMRAM             bssCOMRAM    000000
__Lcinit                 cinit        000000
__Lclrtext               clrtext      000000
__Lcomram                comram       000000
__Lconfig                config       300000
__Lconst                 const        000000
__LcstackCOMRAM          cstackCOMRAM 000000
__Ldata                  data         000000
__Leeprom_data           eeprom_data  000000
__Lfarbss                farbss       000000
__Lfardata               fardata      000000
__Libigdata              ibigdata     000000
__Lidata                 idata        000000
__Lidloc                 idloc        200000
__Lifardata              ifardata     000000
__Linit                  init         000002
__Lintcode               intcode      000002
__Lintcode_body          intcode_body 000000
__Lintcodelo             intcodelo    000002
__Lintentry              intentry     000000
__Lintret                intret       000000
__Lintsave_regs          intsave_regs 000000
__Lirdata                irdata       000000
__Lmediumconst           mediumconst  000000
__LnvCOMRAM              nvCOMRAM     000000
__LnvFARRAM              nvFARRAM     000000
__Lnvbit                 nvbit        000000
__Lnvrram                nvrram       000000
__Lparam                 rparam       000000
__Lpowerup               powerup      000002
__Lram                   ram          000000
__Lramtop                ramtop       000600
__Lrbit                  rbit         000000
__Lrbss                  rbss         000000
__Lrdata                 rdata        000000
__Lreset_vec             reset_vec    000000
__Lrparam                rparam       000000
__Lsfr                   sfr          000000
__Lsmallconst            smallconst   000000
__Lspace_0               (abs)        000000
__Lspace_1               (abs)        000000
__Lspace_2               (abs)        000000
__Lstack                 stack        000000
__Lstruct                struct       000000
__Ltemp                  temp         000000
__Ltext                  text         000000
__Ltext0                 text0        000000
__Ltext1                 text1        000000
__Ltext2                 text2        000000
__Ltext3                 text3        000000
__Ltext4                 text4        000000
__Ltext5                 text5        000000
__S0                     (abs)        30000E
__S1                     (abs)        000048
__S2                     (abs)        000000
___inthi_sp              stack        000000
___intlo_sp              stack        000000
___lmul                  text3        00789E
___lmul@multiplicand     cstackCOMRAM 000005
___lmul@multiplier       cstackCOMRAM 000001
___lmul@product          cstackCOMRAM 000009
___param_bank            (abs)        000000
___rparam_used           (abs)        000001
___sp                    stack        000000
___wmul                  text5        007878
___wmul@multiplicand     cstackCOMRAM 000003
___wmul@multiplier       cstackCOMRAM 000001
___wmul@product          cstackCOMRAM 000005
__accesstop              (abs)        000080
__activetblptr           (abs)        000000
__end_of___lmul          text3        0078F4
__end_of___wmul          text5        00789E
__end_of__initialization cinit        007872
__end_of_bitflip         text2        00794E
__end_of_init            text4        0079BC
__end_of_led_send        text1        007B38
__end_of_main            text0        007D00
__initialization         cinit        007866
__mediumconst            mediumconst  000000
__pbssCOMRAM             bssCOMRAM    00003B
__pcinit                 cinit        007866
__pcstackCOMRAM          cstackCOMRAM 000001
__pnvCOMRAM              nvCOMRAM     00002C
__ptext0                 text0        007B38
__ptext1                 text1        0079BC
__ptext2                 text2        0078F4
__ptext3                 text3        00789E
__ptext4                 text4        00794E
__ptext5                 text5        007878
__ramtop                 ramtop       000600
__size_of___lmul         (abs)        000000
__size_of___wmul         (abs)        000000
__size_of_bitflip        (abs)        000000
__size_of_init           (abs)        000000
__size_of_led_send       (abs)        000000
__size_of_main           (abs)        000000
__smallconst             smallconst   000000
_bitflip                 text2        0078F4
_effect                  bssCOMRAM    000042
_flag                    bssCOMRAM    000046
_init                    text4        00794E
_isFlow                  bssCOMRAM    000044
_led                     bssCOMRAM    00003F
_led_send                text1        0079BC
_ledlength               nvCOMRAM     000030
_ledmax                  nvCOMRAM     000034
_lednum                  nvCOMRAM     000036
_lednum_24               nvCOMRAM     00002C
_main                    text0        007B38
_temp                    bssCOMRAM    00003B
_tmp1                    nvCOMRAM     00003A
_tmp2                    nvCOMRAM     000039
_tmp3                    nvCOMRAM     000038
bitflip@b                cstackCOMRAM 000007
end_of_initialization    cinit        007872
intlevel0                text         000000
intlevel1                text         000000
intlevel2                text         000000
intlevel3                text         000000
led_send@back_24         cstackCOMRAM 000018
led_send@buf             cstackCOMRAM 000024
led_send@front           cstackCOMRAM 00000D
led_send@front_24        cstackCOMRAM 000014
led_send@i               cstackCOMRAM 00001C
led_send@val             cstackCOMRAM 000020
main@front               cstackCOMRAM 00002A
main@k                   cstackCOMRAM 000026
main@l                   cstackCOMRAM 000028
stackhi                  (abs)        0005EE
stacklo                  (abs)        000080
start                    init         000002
start_initialization     cinit        007866


FUNCTION INFORMATION:

 *************** function _main *****************
 Defined at:
		line 134 in file "hehe.c"
 Parameters:    Size  Location     Type
		None
 Auto vars:     Size  Location     Type
  l               2   39[COMRAM] int 
  k               2   37[COMRAM] int 
  front           2   41[COMRAM] int 
 Return value:  Size  Location     Type
                  1    wreg      void 
 Registers used:
		wreg, status,2, status,0, prodl, prodh, cstack
 Tracked objects:
		On entry : 
		On exit  : 
		Unchanged: 
 Data sizes:     COMRAM   BANK0   BANK1   BANK2   BANK3   BANK4   BANK5
      Params:         0       0       0       0       0       0       0
      Locals:         6       0       0       0       0       0       0
      Temps:          0       0       0       0       0       0       0
      Totals:         6       0       0       0       0       0       0
Total ram usage:        6 bytes
 Hardware stack levels required when called:    2
 This function calls:
		_bitflip
		_init
		_led_send
 This function is called by:
		Startup code after reset
 This function uses a non-reentrant model


 *************** function _led_send *****************
 Defined at:
		line 38 in file "hehe.c"
 Parameters:    Size  Location     Type
  front           2   12[COMRAM] int 
 Auto vars:     Size  Location     Type
  i               4   27[COMRAM] long 
  val             4   31[COMRAM] long 
  back_24         4   23[COMRAM] long 
  front_24        4   19[COMRAM] long 
  buf             2   35[COMRAM] int 
 Return value:  Size  Location     Type
                  1    wreg      void 
 Registers used:
		wreg, status,2, status,0, prodl, prodh, cstack
 Tracked objects:
		On entry : 
		On exit  : 
		Unchanged: 
 Data sizes:     COMRAM   BANK0   BANK1   BANK2   BANK3   BANK4   BANK5
      Params:         2       0       0       0       0       0       0
      Locals:        18       0       0       0       0       0       0
      Temps:          5       0       0       0       0       0       0
      Totals:        25       0       0       0       0       0       0
Total ram usage:       25 bytes
 Hardware stack levels used:    1
 Hardware stack levels required when called:    1
 This function calls:
		___lmul
		___wmul
		_bitflip
 This function is called by:
		_main
 This function uses a non-reentrant model


 *************** function _bitflip *****************
 Defined at:
		line 105 in file "hehe.c"
 Parameters:    Size  Location     Type
  b               1    wreg     unsigned char 
 Auto vars:     Size  Location     Type
  b               1    6[COMRAM] unsigned char 
 Return value:  Size  Location     Type
                  4    0[COMRAM] unsigned long 
 Registers used:
		wreg, status,2, status,0
 Tracked objects:
		On entry : 
		On exit  : 
		Unchanged: 
 Data sizes:     COMRAM   BANK0   BANK1   BANK2   BANK3   BANK4   BANK5
      Params:         4       0       0       0       0       0       0
      Locals:         1       0       0       0       0       0       0
      Temps:          2       0       0       0       0       0       0
      Totals:         7       0       0       0       0       0       0
Total ram usage:        7 bytes
 Hardware stack levels used:    1
 This function calls:
		Nothing
 This function is called by:
		_led_send
		_main
 This function uses a non-reentrant model


 *************** function ___lmul *****************
 Defined at:
		line 15 in file "C:\Program Files (x86)\Microchip\xc8\v1.44\sources\common\Umul32.c"
 Parameters:    Size  Location     Type
  multiplier      4    0[COMRAM] unsigned long 
  multiplicand    4    4[COMRAM] unsigned long 
 Auto vars:     Size  Location     Type
  product         4    8[COMRAM] unsigned long 
 Return value:  Size  Location     Type
                  4    0[COMRAM] unsigned long 
 Registers used:
		wreg, status,2, status,0
 Tracked objects:
		On entry : 
		On exit  : 
		Unchanged: 
 Data sizes:     COMRAM   BANK0   BANK1   BANK2   BANK3   BANK4   BANK5
      Params:         8       0       0       0       0       0       0
      Locals:         4       0       0       0       0       0       0
      Temps:          0       0       0       0       0       0       0
      Totals:        12       0       0       0       0       0       0
Total ram usage:       12 bytes
 Hardware stack levels used:    1
 This function calls:
		Nothing
 This function is called by:
		_led_send
 This function uses a non-reentrant model


 *************** function _init *****************
 Defined at:
		line 112 in file "hehe.c"
 Parameters:    Size  Location     Type
		None
 Auto vars:     Size  Location     Type
		None
 Return value:  Size  Location     Type
                  1    wreg      void 
 Registers used:
		wreg, status,2, status,0, prodl, prodh, cstack
 Tracked objects:
		On entry : 
		On exit  : 
		Unchanged: 
 Data sizes:     COMRAM   BANK0   BANK1   BANK2   BANK3   BANK4   BANK5
      Params:         0       0       0       0       0       0       0
      Locals:         0       0       0       0       0       0       0
      Temps:          0       0       0       0       0       0       0
      Totals:         0       0       0       0       0       0       0
Total ram usage:        0 bytes
 Hardware stack levels used:    1
 Hardware stack levels required when called:    1
 This function calls:
		___wmul
 This function is called by:
		_main
 This function uses a non-reentrant model


 *************** function ___wmul *****************
 Defined at:
		line 15 in file "C:\Program Files (x86)\Microchip\xc8\v1.44\sources\common\Umul16.c"
 Parameters:    Size  Location     Type
  multiplier      2    0[COMRAM] unsigned int 
  multiplicand    2    2[COMRAM] unsigned int 
 Auto vars:     Size  Location     Type
  product         2    4[COMRAM] unsigned int 
 Return value:  Size  Location     Type
                  2    0[COMRAM] unsigned int 
 Registers used:
		wreg, status,2, status,0, prodl, prodh
 Tracked objects:
		On entry : 
		On exit  : 
		Unchanged: 
 Data sizes:     COMRAM   BANK0   BANK1   BANK2   BANK3   BANK4   BANK5
      Params:         4       0       0       0       0       0       0
      Locals:         2       0       0       0       0       0       0
      Temps:          0       0       0       0       0       0       0
      Totals:         6       0       0       0       0       0       0
Total ram usage:        6 bytes
 Hardware stack levels used:    1
 This function calls:
		Nothing
 This function is called by:
		_led_send
		_init
 This function uses a non-reentrant model



MODULE INFORMATION

Module		Function		Class		Link	Load	Size
hehe.c
		_init          		CODE           	794E	0000	111
		_led_send      		CODE           	79BC	0000	381
		_main          		CODE           	7B38	0000	457
		_bitflip       		CODE           	78F4	0000	91

hehe.c estimated size: 1040

C:\Program Files (x86)\Microchip\xc8\v1.44\sources\common\Umul16.c
		___wmul        		CODE           	7878	0000	39

C:\Program Files (x86)\Microchip\xc8\v1.44\sources\common\Umul16.c estimated size: 39

shared
		__initialization		CODE           	7866	0000	13

shared estimated size: 13

C:\Program Files (x86)\Microchip\xc8\v1.44\sources\common\Umul32.c
		___lmul        		CODE           	789E	0000	87

C:\Program Files (x86)\Microchip\xc8\v1.44\sources\common\Umul32.c estimated size: 87

