Microchip MPLAB XC8 Compiler V1.44 ()

Linker command line:

-W-3 --edf=C:\Program Files (x86)\Microchip\xc8\v1.44\dat\en_msgs.txt -cs \
  -h+dist/default/production\foursmall.X.production.sym \
  --cmf=dist/default/production\foursmall.X.production.cmf -z -w9 \
  --disl=596:off --norlf -Q18F4520 -oC:\Users\knu\AppData\Local\Temp\s4tk.2 \
  -Mdist/default/production/foursmall.X.production.map -E1 -ver=XC8 \
  -ACODE=00h-07FFFh -ACONST=00h-07FFFh -ASMALLCONST=0600h-06FFhx122 \
  -AMEDIUMCONST=0600h-07FFFh -ACOMRAM=01h-07Fh -AABS1=00h-05FFh \
  -ABIGRAM=01h-05FFh -ARAM=080h-0FFh,0100h-01FFhx5 -ABANK0=080h-0FFh \
  -ABANK1=0100h-01FFh -ABANK2=0200h-02FFh -ABANK3=0300h-03FFh \
  -ABANK4=0400h-04FFh -ABANK5=0500h-05FFh -ASFR=0F80h-0FFFh \
  -preset_vec=00h,intcode,intcodelo,powerup,init -pramtop=0600h \
  -psmallconst=SMALLCONST -pmediumconst=MEDIUMCONST -pconst=CONST \
  -AFARRAM=00h-00h -ACONFIG=0300000h-030000Dh -pconfig=CONFIG \
  -AIDLOC=0200000h-0200007h -pidloc=IDLOC -AEEDATA=0F00000h-0F000FFh \
  -peeprom_data=EEDATA \
  -prdata=COMRAM,nvrram=COMRAM,nvbit=COMRAM,rbss=COMRAM,rbit=COMRAM \
  -pfarbss=FARRAM,fardata=FARRAM,nvFARRAM=FARRAM \
  -pintsave_regs=BIGRAM,bigbss=BIGRAM,bigdata=BIGRAM -pbss=RAM \
  -pidata=CODE,irdata=CODE,ibigdata=CODE,ifardata=CODE \
  C:\Users\knu\AppData\Local\Temp\s4tk.obj \
  dist/default/production\foursmall.X.production.obj 

Object code version is 3.11

Machine type is 18F4520

Call graph: (short form)




                Name                               Link     Load   Length Selector   Space Scale
C:\Users\knu\AppData\Local\Temp\s4tk.obj
                init                                  0        0        4        0       0
dist/default/production\foursmall.X.production.obj
                text7                              7C3C     7C3C       5A     3E1E       0
                text6                              7B3C     7B3C       26     3D9E       0
                text5                              7B2E     7B2E        E     3D97       0
                text4                              7C96     7C96       7E     3E4B       0
                text3                              7BE6     7BE6       56     3DF3       0
                text2                              7D14     7D14      166     3E8A       0
                text1                              7B94     7B94       52     3DCA       0
                text0                              7E7A     7E7A      186     3F3D       0
                cstackCOMRAM                          1        1       30        1       1
                dataCOMRAM                           4B       4B        4        1       1
                bssCOMRAM                            40       40        B        1       1
                cinit                              7B62     7B62       32     3DB1       0
                nvCOMRAM                             31       31        F        1       1
                idataCOMRAM                        7B2A     7B2A        4     7B2A       0

TOTAL           Name                               Link     Load   Length     Space
        CLASS   CODE           
                init                                  0        0        4         0
                text7                              7C3C     7C3C       5A         0
                text6                              7B3C     7B3C       26         0
                text5                              7B2E     7B2E        E         0
                text4                              7C96     7C96       7E         0
                text3                              7BE6     7BE6       56         0
                text2                              7D14     7D14      166         0
                text1                              7B94     7B94       52         0
                text0                              7E7A     7E7A      186         0
                cinit                              7B62     7B62       32         0
                idataCOMRAM                        7B2A     7B2A        4         0

        CLASS   CONST          

        CLASS   SMALLCONST     

        CLASS   MEDIUMCONST    

        CLASS   COMRAM         
                cstackCOMRAM                          1        1       30         1
                dataCOMRAM                           4B       4B        4         1
                bssCOMRAM                            40       40        B         1
                nvCOMRAM                             31       31        F         1

        CLASS   ABS1           

        CLASS   BIGRAM         

        CLASS   RAM            

        CLASS   BANK0          

        CLASS   BANK1          

        CLASS   BANK2          

        CLASS   BANK3          

        CLASS   BANK4          

        CLASS   BANK5          

        CLASS   SFR            

        CLASS   FARRAM         

        CLASS   CONFIG         

        CLASS   IDLOC          

        CLASS   EEDATA         

        CLASS   STACK          



SEGMENTS        Name                           Load    Length   Top    Selector   Space  Class

                reset_vec                      000000  000004  000004         0       0  CODE    
                cstackCOMRAM                   000001  00004E  00004F         1       1  COMRAM  
                idataCOMRAM                    007B2A  000004  007B2E      7B2A       0  CODE    
                text5                          007B2E  00000E  007B3C      3D97       0  CODE    
                text6                          007B3C  000026  007B62      3D9E       0  CODE    
                cinit                          007B62  000032  007B94      3DB1       0  CODE    
                text1                          007B94  000052  007BE6      3DCA       0  CODE    
                text3                          007BE6  000056  007C3C      3DF3       0  CODE    
                text7                          007C3C  00005A  007C96      3E1E       0  CODE    
                text4                          007C96  00007E  007D14      3E4B       0  CODE    
                text2                          007D14  000166  007E7A      3E8A       0  CODE    
                text0                          007E7A  000186  008000      3F3D       0  CODE    


UNUSED ADDRESS RANGES

        Name                Unused          Largest block    Delta
        BANK0            0080-00FF             80
        BANK1            0100-01FF            100
        BANK2            0200-02FF            100
        BANK3            0300-03FF            100
        BANK4            0400-04FF            100
        BANK5            0500-05FF            100
        BIGRAM           004F-05FF            5B1
        CODE             0004-7B29           7B26
        COMRAM           004F-007F             31
        CONFIG           300000-30000D              E
        CONST            0004-7B29           7B26
        EEDATA           F00000-F000FF            100
        IDLOC            200000-200007              8
        MEDIUMCONST      0600-7B29           752A
        RAM              0080-05FF            100
        SFR              0F80-0FFF             80
        SMALLCONST       0600-7B29            100

                                  Symbol Table

__CFG_BOREN$ON           (abs)        0000
__CFG_CPD$OFF            (abs)        0000
__CFG_LVP$OFF            (abs)        0000
__CFG_OSC$INTIO67        (abs)        0000
__CFG_PWRT$OFF           (abs)        0000
__CFG_WDT$OFF            (abs)        0000
__HRAM                   (abs)        0000
__Habs1                  abs1         0000
__Hbank0                 bank0        0000
__Hbank1                 bank1        0000
__Hbank2                 bank2        0000
__Hbank3                 bank3        0000
__Hbank4                 bank4        0000
__Hbank5                 bank5        0000
__Hbigbss                bigbss       0000
__Hbigdata               bigdata      0000
__Hbigram                bigram       0000
__Hbss                   bss          0000
__HbssCOMRAM             bssCOMRAM    0000
__Hcinit                 cinit        0000
__Hclrtext               clrtext      0000
__Hcomram                comram       0000
__Hconfig                config       0000
__Hconst                 const        0000
__HcstackCOMRAM          cstackCOMRAM 0000
__Hdata                  data         0000
__HdataCOMRAM            dataCOMRAM   0000
__Heeprom_data           eeprom_data  0000
__Hfarbss                farbss       0000
__Hfardata               fardata      0000
__Hibigdata              ibigdata     0000
__Hidata                 idata        0000
__HidataCOMRAM           idataCOMRAM  0000
__Hidloc                 idloc        0000
__Hifardata              ifardata     0000
__Hintcode               intcode      0000
__Hintcode_body          intcode_body 0000
__Hintcodelo             intcodelo    0000
__Hintentry              intentry     0000
__Hintret                intret       0000
__Hintsave_regs          intsave_regs 0000
__Hirdata                irdata       0000
__Hmediumconst           mediumconst  0000
__HnvCOMRAM              nvCOMRAM     0000
__HnvFARRAM              nvFARRAM     0000
__Hnvbit                 nvbit        0000
__Hnvrram                nvrram       0000
__Hparam                 rparam       0000
__Hpowerup               powerup      0000
__Hram                   ram          0000
__Hrbit                  rbit         0000
__Hrbss                  rbss         0000
__Hrdata                 rdata        0000
__Hreset_vec             reset_vec    0000
__Hrparam                rparam       0000
__Hsfr                   sfr          0000
__Hsmallconst            smallconst   0000
__Hspace_2               (abs)        0000
__Hstack                 stack        0000
__Hstruct                struct       0000
__Htemp                  temp         0000
__Htext                  text         0000
__Htext0                 text0        0000
__Htext1                 text1        0000
__Htext2                 text2        0000
__Htext3                 text3        0000
__Htext4                 text4        0000
__Htext5                 text5        0000
__Htext6                 text6        0000
__Htext7                 text7        0000
__Labs1                  abs1         0000
__Lbank0                 bank0        0000
__Lbank1                 bank1        0000
__Lbank2                 bank2        0000
__Lbank3                 bank3        0000
__Lbank4                 bank4        0000
__Lbank5                 bank5        0000
__Lbigbss                bigbss       0000
__Lbigdata               bigdata      0000
__Lbigram                bigram       0000
__Lbss                   bss          0000
__LbssCOMRAM             bssCOMRAM    0000
__Lcinit                 cinit        0000
__Lclrtext               clrtext      0000
__Lcomram                comram       0000
__Lconfig                config       0000
__Lconst                 const        0000
__LcstackCOMRAM          cstackCOMRAM 0000
__Ldata                  data         0000
__LdataCOMRAM            dataCOMRAM   0000
__Leeprom_data           eeprom_data  0000
__Lfarbss                farbss       0000
__Lfardata               fardata      0000
__Libigdata              ibigdata     0000
__Lidata                 idata        0000
__LidataCOMRAM           idataCOMRAM  0000
__Lidloc                 idloc        0000
__Lifardata              ifardata     0000
__Linit                  init         0000
__Lintcode               intcode      0000
__Lintcode_body          intcode_body 0000
__Lintcodelo             intcodelo    0000
__Lintentry              intentry     0000
__Lintret                intret       0000
__Lintsave_regs          intsave_regs 0000
__Lirdata                irdata       0000
__Lmediumconst           mediumconst  0000
__LnvCOMRAM              nvCOMRAM     0000
__LnvFARRAM              nvFARRAM     0000
__Lnvbit                 nvbit        0000
__Lnvrram                nvrram       0000
__Lparam                 rparam       0000
__Lpowerup               powerup      0000
__Lram                   ram          0000
__Lrbit                  rbit         0000
__Lrbss                  rbss         0000
__Lrdata                 rdata        0000
__Lreset_vec             reset_vec    0000
__Lrparam                rparam       0000
__Lsfr                   sfr          0000
__Lsmallconst            smallconst   0000
__Lspace_0               (abs)        0000
__Lspace_1               (abs)        0000
__Lspace_2               (abs)        0000
__Lstack                 stack        0000
__Lstruct                struct       0000
__Ltemp                  temp         0000
__Ltext                  text         0000
__Ltext0                 text0        0000
__Ltext1                 text1        0000
__Ltext2                 text2        0000
__Ltext3                 text3        0000
__Ltext4                 text4        0000
__Ltext5                 text5        0000
__Ltext6                 text6        0000
__Ltext7                 text7        0000
___inthi_sp              stack        0000
___intlo_sp              stack        0000
___param_bank            (abs)        0000
___sp                    stack        0000
__activetblptr           (abs)        0000
__mediumconst            mediumconst  0000
__size_of___lmul         (abs)        0000
__size_of___wmul         (abs)        0000
__size_of_bitflip        (abs)        0000
__size_of_init           (abs)        0000
__size_of_led_send       (abs)        0000
__size_of_main           (abs)        0000
__size_of_rand           (abs)        0000
__size_of_srand          (abs)        0000
__smallconst             smallconst   0000
_time                                     
?___lmul                 cstackCOMRAM 0001
?___wmul                 cstackCOMRAM 0001
?_bitflip                cstackCOMRAM 0001
__LRAM                   (abs)        0001
___lmul@multiplier       cstackCOMRAM 0001
___rparam_used           (abs)        0001
___wmul@multiplier       cstackCOMRAM 0001
__pcstackCOMRAM          cstackCOMRAM 0001
_time$0                  cstackCOMRAM 0001
___wmul@multiplicand     cstackCOMRAM 0003
__Hinit                  init         0004
___lmul@multiplicand     cstackCOMRAM 0005
___wmul@product          cstackCOMRAM 0005
___lmul@product          cstackCOMRAM 0009
?_rand                   cstackCOMRAM 000D
__pnvCOMRAM              nvCOMRAM     0031
_lednum_24               nvCOMRAM     0031
_ledlength               nvCOMRAM     0035
_ledmax                  nvCOMRAM     0039
_lednum                  nvCOMRAM     003B
_tmp3                    nvCOMRAM     003D
_tmp2                    nvCOMRAM     003E
_tmp1                    nvCOMRAM     003F
__pbssCOMRAM             bssCOMRAM    0040
_temp                    bssCOMRAM    0040
_led                     bssCOMRAM    0044
_isFlow                  bssCOMRAM    0047
_flag                    bssCOMRAM    0049
__pdataCOMRAM            dataCOMRAM   004B
_randx                   dataCOMRAM   004B
__Hspace_1               (abs)        004F
__S1                     (abs)        004F
__accesstop              (abs)        0080
__Hramtop                ramtop       0600
__Lramtop                ramtop       0600
__ramtop                 ramtop       0600
_PORTDbits               (abs)        0F83
_TRISDbits               (abs)        0F95
_OSCTUNEbits             (abs)        0F9B
_OSCCONbits              (abs)        0FD3
__pidataCOMRAM           idataCOMRAM  7B2A
__ptext5                 text5        7B2E
_srand                   text5        7B2E
___wmul                  text6        7B3C
__end_of_srand           text5        7B3C
__ptext6                 text6        7B3C
__end_of___wmul          text6        7B62
__initialization         cinit        7B62
__pcinit                 cinit        7B62
__end_of__initialization cinit        7B8E
__ptext1                 text1        7B94
_rand                    text1        7B94
___lmul                  text3        7BE6
__end_of_rand            text1        7BE6
__ptext3                 text3        7BE6
__end_of___lmul          text3        7C3C
__ptext7                 text7        7C3C
_bitflip                 text7        7C3C
__end_of_bitflip         text7        7C96
__ptext4                 text4        7C96
_init                    text4        7C96
__end_of_init            text4        7D14
__ptext2                 text2        7D14
_led_send                text2        7D14
__end_of_led_send        text2        7E7A
__ptext0                 text0        7E7A
_main                    text0        7E7A
_GIE                     (abs)        7F97
__Hspace_0               (abs)        8000
__S0                     (abs)        8000
__end_of_main            text0        8000
intlevel0                text         0000
intlevel1                text         0000
intlevel2                text         0000
intlevel3                text         0000
bitflip@b                cstackCOMRAM 0007
stackhi                  (abs)        0000
stacklo                  (abs)        0000
start                    init         0000
srand@x                  cstackCOMRAM 0001
led_send@front           cstackCOMRAM 000D
led_send@front_24        cstackCOMRAM 0014
led_send@back_24         cstackCOMRAM 0018
led_send@i               cstackCOMRAM 001C
led_send@val             cstackCOMRAM 0020
led_send@buf             cstackCOMRAM 0024
main@k                   cstackCOMRAM 002B
main@l                   cstackCOMRAM 002D
main@front               cstackCOMRAM 002F
end_of_initialization    cinit        7B8E
start_initialization     cinit        7B62
